// Vitest Snapshot v1

exports[`App > renders weather forecast 1`] = `
<a
  href="/weatherForecast"
>
  Weather Forecast
</a>
`;
